[backblue.gif]
[fade.gif]
[index.html]
[cambridgemun.org/backgindex.jpg]
[cambridgemun.org/index.html]
[cambridgemun.org/favicon (1).ico]
[cambridgemun.org/gray-background-3.jpg]
[cambridgemun.org/banner.jpg]
[cambridgemun.org/What is MUN.pdf]
[cambridgemun.org/THIMUN mun guide.pdf]
[cambridgemun.org/tentative Schedule.pdf]
[cambridgemun.org/CAMUN newsletter v2.1- Day1.pdf]
[cambridgemun.org/CAM-2-Scan_Doc0001.pdf]
[cambridgemun.org/CAM-3-Scan_Doc0001.pdf]
[cambridgemun.org/cammunication day 1.pdf]
[cambridgemun.org/camunicationday2final.pdf]
[cambridgemun.org/camunicationday3.pdf]
[cambridgemun.org/CAMUNICATION DAY 1.pdf]
[cambridgemun.org/CAMUN-Invite.pdf]
[cambridgemun.org/GetAttachment.aspx.jpg]
[cambridgemun.org/DSC_3854.jpg]
[cambridgemun.org/facebook-icon-large.png]
[cambridgemun.org/twitter-icon.png]
[cambridgemun.org/735564main_youtube_icon.png]
[cambridgemun.org/instagram1.png]
[cambridgemun.org/icon175x175.png]
[cambridgemun.org/HOME.html]
[cambridgemun.org/SpryAssets/SpryMenuBarDown.gif]
[cambridgemun.org/SpryAssets/SpryMenuBarRight.gif]
[cambridgemun.org/SpryAssets/SpryMenuBarDownHover.gif]
[cambridgemun.org/SpryAssets/SpryMenuBarRightHover.gif]
[cambridgemun.org/SpryAssets/SpryMenuBarHorizontal.css]
[cambridgemun.org/SpryAssets/SpryMenuBar.js]
[cambridgemun.org/Screen Shot 2013-10-29 at 10.44.40 AM.png]
[cambridgemun.org/Origin.html]
[cambridgemun.org/225169_356430724434558_1803306579_n.jpg]
[cambridgemun.org/DSC_3736.jpg]
[cambridgemun.org/Secretariat.html]
[cambridgemun.org/DSC_3759.jpg]
[cambridgemun.org/Advisors (Edit).jpg]
[cambridgemun.org/Advisory boarddd.html]
[cambridgemun.org/DSC_3649.jpg]
[cambridgemun.org/Training and Research.jpg]
[cambridgemun.org/Media Group.jpg]
[cambridgemun.org/Board of directoor.html]
[cambridgemun.org/CAMUN 13 web archive/Untitled-12.jpg]
[cambridgemun.org/CAMUN 13 web archive/CAMUN-logo.png]
[cambridgemun.org/CAMUN 13 web archive/INDEX.html]
[cambridgemun.org/School Registration Form this.pdf]
[cambridgemun.org/CAMUN 13 web archive/1st SG.jpg]
[cambridgemun.org/CAMUN 13 web archive/Swetha.jpg]
[cambridgemun.org/CAMUN 13 web archive/546216_10151204437206138_1682167972_n.jpg]
[cambridgemun.org/Alumni.html]
[cambridgemun.org/DISEC.pdf]
[cambridgemun.org/Complete Study Guide Security Council-1.pdf]
[cambridgemun.org/Study guide - SOCHUM.pdf]
[cambridgemun.org/Study guide - Peace Building Commission-1.pdf]
[cambridgemun.org/Committees.html]
[cambridgemun.org/Live streaming.html]
[cambridgemun.org/2012 photo.html]
[cambridgemun.org/gallery 2013.html]
[cambridgemun.org/2014 video.html]
[cambridgemun.org/camunicationday2final.pdf]
[cambridgemun.org/Contact.html]
[cambridgemun.org/photo 2013.html]
[cambridgemun.org/CAMUN 13 web archive/BACKGROUND13.jpg]
[cambridgemun.org/CAMUN 13 web archive/NEW-banner.jpg]
[cambridgemun.org/CAMUN 13 web archive/What is MUN.pdf]
[cambridgemun.org/CAMUN 13 web archive/THIMUN mun guide.pdf]
[cambridgemun.org/CAMUN 13 web archive/CAMUN newsletter v2.1- Day1.pdf]
[cambridgemun.org/CAMUN 13 web archive/CAM-2-Scan_Doc0001.pdf]
[cambridgemun.org/CAMUN 13 web archive/CAM-3-Scan_Doc0001.pdf]
[cambridgemun.org/CAMUN 13 web archive/signmain.png]
[cambridgemun.org/CAMUN 13 web archive/SG.jpg]
[cambridgemun.org/CAMUN 13 web archive/facebook.png]
[cambridgemun.org/CAMUN 13 web archive/twitter.png]
[cambridgemun.org/CAMUN 13 web archive/youtube.png]
[cambridgemun.org/CAMUN 13 web archive/HOME13.html]
[cambridgemun.org/SpryAssets/SpryTabbedPanels.css]
[cambridgemun.org/SpryAssets/SpryTabbedPanels.js]
[cambridgemun.org/Study guide - Peace Building Commission-1.pdf]
[cambridgemun.org/BACKGROUND.html]
[cambridgemun.org/2012 video.html]
[cambridgemun.org/CAMUN 13 web archive/SpryAssets/SpryMenuBar.js]
[cambridgemun.org/CAMUN 13 web archive/for the bar.jpg]
[cambridgemun.org/CAMUN 13 web archive/SpryAssets/SpryMenuBarRightHover.gif]
[cambridgemun.org/CAMUN 13 web archive/SpryAssets/SpryMenuBarVertical.css]
[cambridgemun.org/CAMUN 13 web archive/HOME.html]
[cambridgemun.org/CAMUN 13 web archive/ABOUTUS13.html]
[cambridgemun.org/CAMUN 13 web archive/ORIGIN13.html]
[cambridgemun.org/CAMUN 13 web archive/Family.jpg]
[cambridgemun.org/CAMUN 13 web archive/DSC_5829.jpg]
[cambridgemun.org/CAMUN 13 web archive/426274_392789227414286_100000496354287_1527389_1857100293_n.jpg]
[cambridgemun.org/CAMUN 13 web archive/Secretariat13.html]
[cambridgemun.org/CAMUN 13 web archive/Alumni.html]
[cambridgemun.org/CAMUN 13 web archive/Conference13.html]
[cambridgemun.org/CAMUN 13 web archive/Theme13.html]
[cambridgemun.org/CAMUN 13 web archive/CAMUN13-SCguide.pdf]
[cambridgemun.org/CAMUN 13 web archive/Under-construction-logo.gif]
[cambridgemun.org/CAMUN 13 web archive/SOCHUM_Study_Guide.pdf]
[cambridgemun.org/CAMUN 13 web archive/Committees13.html]
[cambridgemun.org/CAMUN 13 web archive/tentative Schedule.docx]
[cambridgemun.org/CAMUN 13 web archive/schedule13.html]
[cambridgemun.org/CAMUN 13 web archive/Gallery13.html]
[cambridgemun.org/CAMUN 13 web archive/contact13.html]
[cambridgemun.org/Desktop/camun'13/for the bar.html]
[cambridgemun.org/CAMUN 13 web archive/ABOUTUS.html]
[cambridgemun.org/CAMUN 13 web archive/ORIGIN.html]
[cambridgemun.org/CAMUN 13 web archive/Secretariat.html]
[cambridgemun.org/CAMUN 13 web archive/Conference.html]
[cambridgemun.org/CAMUN 13 web archive/Theme.html]
[cambridgemun.org/CAMUN 13 web archive/Committees.html]
[cambridgemun.org/CAMUN 13 web archive/schedule.html]
[cambridgemun.org/CAMUN 13 web archive/Gallery.html]
[cambridgemun.org/CAMUN 13 web archive/contact.html]
[cambridgemun.org/CAMUN 13 web archive/aDVISORYBOARD.html]
[cambridgemun.org/CAMUN 13 web archive/IT DEPARTMENT.html]
[cambridgemun.org/CAMUN 13 web archive/BOARDOFDIRECTORSS.html]
[cambridgemun.org/CAMUN 13 web archive/SpryAssets/SpryTabbedPanels.js]
[cambridgemun.org/CAMUN 13 web archive/SpryAssets/SpryTabbedPanels.css]
[cambridgemun.org/CAMUN 13 web archive/SpryAssets/SpryCollapsiblePanel.js]
[cambridgemun.org/CAMUN 13 web archive/SpryAssets/SpryCollapsiblePanel.css]
